W0401 03:02:04.959000 2623 torch/distributed/run.py:803] 
W0401 03:02:04.959000 2623 torch/distributed/run.py:803] *****************************************
W0401 03:02:04.959000 2623 torch/distributed/run.py:803] Setting OMP_NUM_THREADS environment variable for each process to be 1 in default, to avoid your system being overloaded, please further tune the variable for optimal performance in your application as needed. 
W0401 03:02:04.959000 2623 torch/distributed/run.py:803] *****************************************
logs/v2_s314.txt
val_bpb:enabled tokenizer_kind=sentencepiece tokenizer_path=./data/tokenizers/fineweb_1024_bpe.model
train_loader:dataset:fineweb10B_sp1024 train_shards:80
val_loader:shards pattern=./data/datasets/fineweb10B_sp1024/fineweb_val_*.bin tokens:62021632
model_params:27124828
mtp_num_heads:0 mtp_loss_weight:0.2 mtp_params:0
XSA:last_11 active_layers:[0, 1, 2, 3, 4, 5, 6, 7, 8, 9, 10]
world_size:8 grad_accum_steps:1
sdp_backends:cudnn=False flash=True mem_efficient=False math=False
attention_mode:gqa num_heads:8 num_kv_heads:4
tie_embeddings:True embed_lr:0.035 head_lr:0.0 matrix_lr:0.025 scalar_lr:0.025
train_batch_tokens:786432 train_seq_len:2048 iterations:20000 warmup_steps:20 max_wallclock_seconds:600.000
seed:314
warmup_step:1/20
warmup_step:2/20
warmup_step:3/20
warmup_step:4/20
warmup_step:5/20
warmup_step:6/20
warmup_step:7/20
warmup_step:8/20
warmup_step:9/20
warmup_step:10/20
warmup_step:11/20
warmup_step:12/20
warmup_step:13/20
warmup_step:14/20
warmup_step:15/20
warmup_step:16/20
warmup_step:17/20
warmup_step:18/20
warmup_step:19/20
warmup_step:20/20
step:0/20000 val_loss:6.9303 val_bpb:4.1045 train_time:0ms step_avg:0.01ms
step:1/20000 train_loss:6.9316 train_time:130ms step_avg:129.95ms
step:2/20000 train_loss:8.8373 train_time:215ms step_avg:107.50ms
step:3/20000 train_loss:7.6107 train_time:300ms step_avg:100.15ms
step:4/20000 train_loss:7.1334 train_time:386ms step_avg:96.46ms
step:5/20000 train_loss:7.1388 train_time:471ms step_avg:94.20ms
step:6/20000 train_loss:7.0748 train_time:556ms step_avg:92.73ms
step:7/20000 train_loss:6.9764 train_time:642ms step_avg:91.67ms
step:8/20000 train_loss:6.7806 train_time:727ms step_avg:90.88ms
step:9/20000 train_loss:6.4206 train_time:812ms step_avg:90.24ms
step:10/20000 train_loss:6.0061 train_time:897ms step_avg:89.75ms
step:500/20000 train_loss:2.3706 train_time:44456ms step_avg:88.91ms
step:1000/20000 train_loss:2.2474 train_time:89411ms step_avg:89.41ms
step:1500/20000 train_loss:2.1992 train_time:134637ms step_avg:89.76ms
step:2000/20000 train_loss:2.0456 train_time:180002ms step_avg:90.00ms
step:2500/20000 train_loss:2.1466 train_time:225580ms step_avg:90.23ms
step:3000/20000 train_loss:2.1372 train_time:271170ms step_avg:90.39ms
step:3500/20000 train_loss:2.1455 train_time:316852ms step_avg:90.53ms
step:4000/20000 train_loss:1.9380 train_time:362435ms step_avg:90.61ms
step:4000/20000 val_loss:2.0285 val_bpb:1.2014 train_time:362436ms step_avg:90.61ms
step:4500/20000 train_loss:2.0889 train_time:408206ms step_avg:90.71ms
step:5000/20000 train_loss:2.0711 train_time:453876ms step_avg:90.78ms
step:5500/20000 train_loss:1.9841 train_time:499538ms step_avg:90.83ms
swa:start step:5850
step:6000/20000 train_loss:1.9077 train_time:545426ms step_avg:90.90ms
late_qat:enabled step:6000 scale:0.1499 (soft-round alpha ramp)
step:6500/20000 train_loss:2.0531 train_time:591601ms step_avg:91.02ms
step:6593/20000 val_loss:1.9209 val_bpb:1.1377 train_time:600009ms step_avg:91.01ms
stopping_early: wallclock_cap train_time:600009ms step:6593/20000
peak memory allocated: 22861 MiB reserved: 23042 MiB
ema:applying EMA weights
DIAGNOSTIC post_ema val_loss:1.9194 val_bpb:1.1368 eval_time:2175ms
Serialized model: 106420662 bytes
Code size: 114472 bytes
gptq:building non-banked model for Hessian collection...
gptq:generating autoregressive calibration data (64 seqs x 2048 tokens, temp=0.8)...
gptq:generated 64 sequences in 179.0s
gptq:collecting hessians from autoregressive data...
gptq:collected hessians for 68 layers (AR self-gen)
selective_prune: 3901453 ±1 candidates, unpruned=15.18MB target=15.9MB
selective_prune: already fits, no pruning needed
Serialized model int6+brotli11+shuffle: 15798456 bytes (lzma=16185652)
Total submission size int6+brotli11+shuffle: 15912928 bytes
final_int6_roundtrip val_loss:1.9252 val_bpb:1.1402 eval_time:16726ms
final_int6_roundtrip_exact val_loss:1.92523194 val_bpb:1.14023080
final_int6_sliding_window val_loss:1.8855 val_bpb:1.1167 stride:64 eval_time:96704ms
final_int6_sliding_window_exact val_loss:1.88553787 val_bpb:1.11672469
final_int8_zlib_roundtrip_exact val_loss:1.88553787 val_bpb:1.11672469
