W0401 03:42:27.587000 1973 torch/distributed/run.py:803] 
W0401 03:42:27.587000 1973 torch/distributed/run.py:803] *****************************************
W0401 03:42:27.587000 1973 torch/distributed/run.py:803] Setting OMP_NUM_THREADS environment variable for each process to be 1 in default, to avoid your system being overloaded, please further tune the variable for optimal performance in your application as needed. 
W0401 03:42:27.587000 1973 torch/distributed/run.py:803] *****************************************
logs/v3_s314.txt
val_bpb:enabled tokenizer_kind=sentencepiece tokenizer_path=./data/tokenizers/fineweb_1024_bpe.model
train_loader:dataset:fineweb10B_sp1024 train_shards:80
val_loader:shards pattern=./data/datasets/fineweb10B_sp1024/fineweb_val_*.bin tokens:62021632
model_params:27067484
mtp_num_heads:0 mtp_loss_weight:0.2 mtp_params:0
XSA:last_11 active_layers:[0, 1, 2, 3, 4, 5, 6, 7, 8, 9, 10]
world_size:8 grad_accum_steps:1
sdp_backends:cudnn=False flash=True mem_efficient=False math=False
attention_mode:gqa num_heads:8 num_kv_heads:4
tie_embeddings:True embed_lr:0.035 head_lr:0.0 matrix_lr:0.025 scalar_lr:0.025
train_batch_tokens:786432 train_seq_len:2048 iterations:20000 warmup_steps:20 max_wallclock_seconds:600.000
seed:314
warmup_step:1/20
warmup_step:2/20
warmup_step:3/20
warmup_step:4/20
warmup_step:5/20
warmup_step:6/20
warmup_step:7/20
warmup_step:8/20
warmup_step:9/20
warmup_step:10/20
warmup_step:11/20
warmup_step:12/20
warmup_step:13/20
warmup_step:14/20
warmup_step:15/20
warmup_step:16/20
warmup_step:17/20
warmup_step:18/20
warmup_step:19/20
warmup_step:20/20
step:0/20000 val_loss:6.9271 val_bpb:4.1026 train_time:0ms step_avg:0.02ms
step:1/20000 train_loss:6.9298 train_time:141ms step_avg:140.61ms
step:2/20000 train_loss:8.6271 train_time:183ms step_avg:91.34ms
step:3/20000 train_loss:7.5837 train_time:280ms step_avg:93.28ms
step:4/20000 train_loss:7.3126 train_time:382ms step_avg:95.57ms
step:5/20000 train_loss:7.0985 train_time:484ms step_avg:96.86ms
step:6/20000 train_loss:7.0007 train_time:580ms step_avg:96.63ms
step:7/20000 train_loss:6.9368 train_time:679ms step_avg:97.02ms
step:8/20000 train_loss:6.8132 train_time:779ms step_avg:97.36ms
step:9/20000 train_loss:6.4503 train_time:885ms step_avg:98.35ms
step:10/20000 train_loss:6.0726 train_time:991ms step_avg:99.06ms
step:500/20000 train_loss:2.3736 train_time:54868ms step_avg:109.74ms
step:1000/20000 train_loss:2.2482 train_time:114008ms step_avg:114.01ms
step:1500/20000 train_loss:2.1891 train_time:172326ms step_avg:114.88ms
step:2000/20000 train_loss:2.0339 train_time:230888ms step_avg:115.44ms
step:2500/20000 train_loss:2.1264 train_time:288425ms step_avg:115.37ms
step:3000/20000 train_loss:2.1096 train_time:346739ms step_avg:115.58ms
step:3500/20000 train_loss:2.1120 train_time:402550ms step_avg:115.01ms
step:4000/20000 train_loss:1.8997 train_time:461247ms step_avg:115.31ms
step:4000/20000 val_loss:1.9901 val_bpb:1.1786 train_time:461309ms step_avg:115.33ms
swa:start step:4450
step:4500/20000 train_loss:2.0432 train_time:518680ms step_avg:115.26ms
late_qat:enabled step:4605 scale:0.1499
step:5000/20000 train_loss:2.0189 train_time:575540ms step_avg:115.11ms
step:5214/20000 val_loss:1.9331 val_bpb:1.1449 train_time:600616ms step_avg:115.19ms
stopping_early: wallclock_cap train_time:600616ms step:5214/20000
peak memory allocated: 22858 MiB reserved: 22924 MiB
ema:applying EMA weights
DIAGNOSTIC post_ema val_loss:1.9322 val_bpb:1.1443 eval_time:2063ms
Serialized model: 106289590 bytes
Code size: 103833 bytes
gptq:building non-banked model for Hessian collection...
gptq:generating autoregressive calibration data (64 seqs x 2048 tokens, temp=0.8)...
gptq:generated 64 sequences in 176.1s
gptq:collecting hessians from autoregressive data...
gptq:collected hessians for 68 layers (AR self-gen)
selective_prune: 4313146 ±1 candidates, unpruned=14.63MB target=15.9MB
selective_prune: already fits, no pruning needed
Serialized model int6+brotli11+shuffle: 15237260 bytes (lzma=15639980)
Total submission size int6+brotli11+shuffle: 15341093 bytes
final_int6_roundtrip val_loss:1.9394 val_bpb:1.1486 eval_time:19636ms
final_int6_roundtrip_exact val_loss:1.93936878 val_bpb:1.14860343
final_int6_sliding_window val_loss:1.8997 val_bpb:1.1251 stride:64 eval_time:98553ms
final_int6_sliding_window_exact val_loss:1.89968513 val_bpb:1.12510352
final_int8_zlib_roundtrip_exact val_loss:1.89968513 val_bpb:1.12510352
