W0401 02:05:23.582000 9271 torch/distributed/run.py:803] 
W0401 02:05:23.582000 9271 torch/distributed/run.py:803] *****************************************
W0401 02:05:23.582000 9271 torch/distributed/run.py:803] Setting OMP_NUM_THREADS environment variable for each process to be 1 in default, to avoid your system being overloaded, please further tune the variable for optimal performance in your application as needed. 
W0401 02:05:23.582000 9271 torch/distributed/run.py:803] *****************************************
logs/mykyta_v1_s314.txt
val_bpb:enabled tokenizer_kind=sentencepiece tokenizer_path=./data/tokenizers/fineweb_1024_bpe.model
train_loader:dataset:fineweb10B_sp1024 train_shards:80
val_loader:shards pattern=./data/datasets/fineweb10B_sp1024/fineweb_val_*.bin tokens:62021632
model_params:29877340
mtp_num_heads:0 mtp_loss_weight:0.2 mtp_params:0
XSA:last_11 active_layers:[0, 1, 2, 3, 4, 5, 6, 7, 8, 9, 10]
world_size:8 grad_accum_steps:1
sdp_backends:cudnn=False flash=True mem_efficient=False math=False
attention_mode:gqa num_heads:8 num_kv_heads:4
tie_embeddings:True embed_lr:0.035 head_lr:0.0 matrix_lr:0.025 scalar_lr:0.025
train_batch_tokens:786432 train_seq_len:2048 iterations:20000 warmup_steps:20 max_wallclock_seconds:600.000
seed:314
warmup_step:1/20
warmup_step:2/20
warmup_step:3/20
warmup_step:4/20
warmup_step:5/20
warmup_step:6/20
warmup_step:7/20
warmup_step:8/20
warmup_step:9/20
warmup_step:10/20
warmup_step:11/20
warmup_step:12/20
warmup_step:13/20
warmup_step:14/20
warmup_step:15/20
warmup_step:16/20
warmup_step:17/20
warmup_step:18/20
warmup_step:19/20
warmup_step:20/20
step:0/20000 val_loss:6.9294 val_bpb:4.1040 train_time:0ms step_avg:0.01ms
step:1/20000 train_loss:6.9302 train_time:170ms step_avg:169.92ms
step:2/20000 train_loss:8.7155 train_time:261ms step_avg:130.50ms
step:3/20000 train_loss:7.5993 train_time:352ms step_avg:117.36ms
step:4/20000 train_loss:7.2228 train_time:443ms step_avg:110.82ms
step:5/20000 train_loss:7.2144 train_time:534ms step_avg:106.88ms
step:6/20000 train_loss:7.1473 train_time:625ms step_avg:104.15ms
step:7/20000 train_loss:7.0993 train_time:716ms step_avg:102.22ms
step:8/20000 train_loss:6.8641 train_time:806ms step_avg:100.75ms
step:9/20000 train_loss:6.5086 train_time:897ms step_avg:99.70ms
step:10/20000 train_loss:6.0925 train_time:988ms step_avg:98.81ms
step:500/20000 train_loss:2.3707 train_time:46078ms step_avg:92.16ms
step:1000/20000 train_loss:2.2469 train_time:91986ms step_avg:91.99ms
step:1500/20000 train_loss:2.1908 train_time:137941ms step_avg:91.96ms
step:2000/20000 train_loss:2.0358 train_time:184113ms step_avg:92.06ms
step:2500/20000 train_loss:2.1403 train_time:230399ms step_avg:92.16ms
step:3000/20000 train_loss:2.1242 train_time:276513ms step_avg:92.17ms
step:3500/20000 train_loss:2.1346 train_time:322575ms step_avg:92.16ms
step:4000/20000 train_loss:1.9264 train_time:368614ms step_avg:92.15ms
step:4000/20000 val_loss:2.0155 val_bpb:1.1937 train_time:368615ms step_avg:92.15ms
step:4500/20000 train_loss:2.0766 train_time:414936ms step_avg:92.21ms
step:5000/20000 train_loss:2.0540 train_time:461060ms step_avg:92.21ms
step:5500/20000 train_loss:1.9717 train_time:507102ms step_avg:92.20ms
swa:start step:5750
late_qat:enabled step:5905 scale:0.1498 (soft-round alpha ramp)
step:6000/20000 train_loss:1.8949 train_time:553565ms step_avg:92.26ms
step:6496/20000 val_loss:1.9089 val_bpb:1.1305 train_time:600023ms step_avg:92.37ms
stopping_early: wallclock_cap train_time:600023ms step:6496/20000
peak memory allocated: 23955 MiB reserved: 23996 MiB
ema:applying EMA weights
DIAGNOSTIC post_ema val_loss:1.9075 val_bpb:1.1297 eval_time:2211ms
Serialized model: 117692854 bytes
Code size: 114562 bytes
gptq:building non-banked model for Hessian collection...
gptq:generating autoregressive calibration data (64 seqs x 2048 tokens, temp=0.8)...
gptq:generated 64 sequences in 177.8s
gptq:collecting hessians from autoregressive data...
gptq:collected hessians for 68 layers (AR self-gen)
selective_prune: 7244448 ±1 candidates, unpruned=13.95MB target=15.9MB
selective_prune: already fits, no pruning needed
Serialized model int6+brotli11+shuffle: 14511133 bytes (lzma=15075148)
Total submission size int6+brotli11+shuffle: 14625695 bytes
final_int6_roundtrip val_loss:1.9297 val_bpb:1.1429 eval_time:20580ms
final_int6_roundtrip_exact val_loss:1.92973007 val_bpb:1.14289484
final_int6_sliding_window val_loss:1.8898 val_bpb:1.1192 stride:64 eval_time:106005ms
final_int6_sliding_window_exact val_loss:1.88975507 val_bpb:1.11922236
final_int8_zlib_roundtrip_exact val_loss:1.88975507 val_bpb:1.11922236
final_slot_sliding val_loss:1.8701 val_bpb:1.1076 slot_steps:6 slot_lr:0.01 eval_time:276327ms
final_slot_sliding_exact val_loss:1.87008447 val_bpb:1.10757229
